// Jest Snapshot v1, https://goo.gl/fbAQLP

exports[`InputRadioGroup should match snapshot 1`] = `
<InputRadioGroup
  id="testId"
  name="testName"
  onChange={[MockFunction]}
  options={
    Array [
      Object {
        "label": "one",
        "value": "1",
      },
      Object {
        "label": "two",
        "value": "2",
      },
    ]
  }
  value="2"
>
  <styled.div>
    <div
      className="sc-gZMcBi gxaaKf"
    >
      <styled.div
        alignment="horizontal"
      >
        <div
          className="sc-gqjmRU etyENR"
        >
          <styled.div
            alignment="horizontal"
            key="0"
          >
            <div
              className="sc-VigVT bezPYI"
            >
              <styled.input
                checked={false}
                hasError={false}
                id="testId-0"
                innerRef={[Function]}
                name="testName"
                onChange={[Function]}
                theme={
                  Object {
                    "color": Object {
                      "background": "#ffffff",
                      "border": "#178acc",
                      "checked": "#2fa4e7",
                      "default": "#2fa4e7",
                      "disabled": "#acacac",
                      "error": "#c71c22",
                      "focus": "#54b4eb",
                      "hover": "#178acc",
                    },
                  }
                }
                type="radio"
                value="1"
              >
                <input
                  checked={false}
                  className="sc-EHOje iLPXhd"
                  id="testId-0"
                  name="testName"
                  onChange={[Function]}
                  type="radio"
                  value="1"
                />
              </styled.input>
              <styled.label
                hasError={false}
                htmlFor="testId-0"
                theme={
                  Object {
                    "color": Object {
                      "border": "#2fa4e7",
                      "error": "#c71c22",
                      "font": "#868e96",
                    },
                  }
                }
              >
                <label
                  className="sc-htpNat ftmpvS"
                  htmlFor="testId-0"
                >
                  one
                </label>
              </styled.label>
            </div>
          </styled.div>
          <styled.div
            alignment="horizontal"
            key="1"
          >
            <div
              className="sc-VigVT bezPYI"
            >
              <styled.input
                checked={true}
                hasError={false}
                id="testId-1"
                innerRef={[Function]}
                name="testName"
                onChange={[Function]}
                theme={
                  Object {
                    "color": Object {
                      "background": "#ffffff",
                      "border": "#178acc",
                      "checked": "#2fa4e7",
                      "default": "#2fa4e7",
                      "disabled": "#acacac",
                      "error": "#c71c22",
                      "focus": "#54b4eb",
                      "hover": "#178acc",
                    },
                  }
                }
                type="radio"
                value="2"
              >
                <input
                  checked={true}
                  className="sc-EHOje iLPXhd"
                  id="testId-1"
                  name="testName"
                  onChange={[Function]}
                  type="radio"
                  value="2"
                />
              </styled.input>
              <styled.label
                hasError={false}
                htmlFor="testId-1"
                theme={
                  Object {
                    "color": Object {
                      "border": "#2fa4e7",
                      "error": "#c71c22",
                      "font": "#868e96",
                    },
                  }
                }
              >
                <label
                  className="sc-htpNat ftmpvS"
                  htmlFor="testId-1"
                >
                  two
                </label>
              </styled.label>
            </div>
          </styled.div>
        </div>
      </styled.div>
      <styled.div
        hasError={false}
        theme={
          Object {
            "color": Object {
              "error": "#c71c22",
            },
          }
        }
      >
        <div
          className="sc-cSHVUG dYbvrH"
        />
      </styled.div>
    </div>
  </styled.div>
</InputRadioGroup>
`;
