// Jest Snapshot v1, https://goo.gl/fbAQLP

exports[`StaticAutoComplete should match snapshot 1`] = `
<StaticAutoComplete
  label="Label"
  prefix="static-prefix"
  suggestions={
    Array [
      "one",
      "two",
      "three",
    ]
  }
>
  <AutoComplete
    dataProvider={
      StaticDataProvider {
        "suggestions": Array [
          "one",
          "two",
          "three",
        ],
        "valuePath": undefined,
      }
    }
    label="Label"
    prefix="static-prefix"
  >
    <styled.div
      onBlur={[Function]}
      role="application"
    >
      <div
        className="sc-VigVT erRZNI"
        onBlur={[Function]}
        role="application"
      >
        <InputText
          aria-activedescendant=""
          aria-autocomplete="list"
          aria-describedby="static-prefix-autocomplete-error"
          aria-expanded={false}
          aria-invalid={false}
          aria-owns="suggestions_static-prefix"
          id="static-prefix-autocomplete"
          label="Label"
          onChange={[Function]}
          onKeyDown={[Function]}
          role="combobox"
          setInputRef={[Function]}
          value=""
        >
          <styled.div>
            <div
              className="sc-gzVnrw kDUAmj"
            >
              <styled.label
                hasError={false}
                htmlFor="static-prefix-autocomplete"
                theme={
                  Object {
                    "color": Object {
                      "color": "#333",
                      "errorColor": "#9f173f",
                    },
                  }
                }
              >
                <label
                  className="sc-bdVaJa dWyWPR"
                  htmlFor="static-prefix-autocomplete"
                >
                  Label
                </label>
              </styled.label>
              <styled.input
                hasError={false}
                id="static-prefix-autocomplete"
                innerRef={[Function]}
                onBlur={[Function]}
                onChange={[Function]}
                onKeyDown={[Function]}
                placeholder=""
                theme={
                  Object {
                    "color": Object {
                      "borderColor": "#333",
                      "errorColor": "#9f173f",
                    },
                  }
                }
                type="text"
                value=""
              >
                <input
                  className="sc-bxivhb ckuHQi"
                  id="static-prefix-autocomplete"
                  onBlur={[Function]}
                  onChange={[Function]}
                  onKeyDown={[Function]}
                  placeholder=""
                  type="text"
                  value=""
                />
              </styled.input>
              <styled.div
                theme={
                  Object {
                    "color": Object {
                      "errorColor": "red",
                    },
                  }
                }
              >
                <div
                  className="sc-gqjmRU gsDxgu"
                />
              </styled.div>
            </div>
          </styled.div>
        </InputText>
        <styled.div
          aria-live="polite"
        >
          <div
            aria-live="polite"
            className="sc-iwsKbI kmSHab"
          />
        </styled.div>
      </div>
    </styled.div>
  </AutoComplete>
</StaticAutoComplete>
`;
