// Jest Snapshot v1, https://goo.gl/fbAQLP

exports[`StaticAutoComplete should match snapshot 1`] = `
<StaticAutoComplete
  id="static-id"
  label="Label"
  suggestions={
    Array [
      "one",
      "two",
      "three",
    ]
  }
>
  <AutoComplete
    dataProvider={
      StaticDataProvider {
        "suggestions": Array [
          "one",
          "two",
          "three",
        ],
        "valuePath": undefined,
      }
    }
    id="static-id"
    label="Label"
    onBlur={[Function]}
    onChange={[Function]}
  >
    <styled.div
      onBlur={[Function]}
      role="application"
    >
      <div
        className="sc-chPdSV joCMgf"
        onBlur={[Function]}
        role="application"
      >
        <InputText
          aria-activedescendant=""
          aria-autocomplete="list"
          aria-describedby="static-id-autocomplete-error"
          aria-expanded={false}
          aria-invalid={false}
          aria-owns="static-id-suggestions"
          id="static-id-autocomplete"
          label="Label"
          onChange={[Function]}
          onKeyDown={[Function]}
          role="combobox"
          setInputRef={[Function]}
          showError={false}
          value=""
        >
          <styled.div>
            <div
              className="sc-gZMcBi gxaaKf"
            >
              <styled.label
                hasError={false}
                htmlFor="static-id-autocomplete"
                theme={
                  Object {
                    "color": Object {
                      "error": "#c71c22",
                      "font": "#333333",
                    },
                    "font": Object {
                      "size": "1.8rem",
                    },
                  }
                }
              >
                <label
                  className="sc-bdVaJa fuJIyO"
                  htmlFor="static-id-autocomplete"
                >
                  Label
                </label>
              </styled.label>
              <styled.input
                hasError={false}
                id="static-id-autocomplete"
                innerRef={[Function]}
                onBlur={[Function]}
                onChange={[Function]}
                onKeyDown={[Function]}
                placeholder=""
                theme={
                  Object {
                    "color": Object {
                      "background": "#ffffff",
                      "border": "#2fa4e7",
                      "default": "#2fa4e7",
                      "disabled": "#acacac",
                      "error": "#c71c22",
                      "focus": "#54b4eb",
                      "font": "#333333",
                      "hover": "#178acc",
                    },
                    "font": Object {
                      "size": "1.8rem",
                    },
                  }
                }
                type="text"
                value=""
              >
                <input
                  className="sc-bxivhb brEIXk"
                  id="static-id-autocomplete"
                  onBlur={[Function]}
                  onChange={[Function]}
                  onKeyDown={[Function]}
                  placeholder=""
                  type="text"
                  value=""
                />
              </styled.input>
            </div>
          </styled.div>
        </InputText>
        <styled.div
          aria-live="polite"
        >
          <div
            aria-live="polite"
            className="sc-fjdhpX gVkdZp"
          />
        </styled.div>
        <styled.div
          hasError={false}
          theme={
            Object {
              "color": Object {
                "error": "#c71c22",
              },
              "font": Object {
                "size": "1.8rem",
              },
            }
          }
        >
          <div
            className="sc-kAzzGY fwfjNu"
          />
        </styled.div>
      </div>
    </styled.div>
  </AutoComplete>
</StaticAutoComplete>
`;
