// Jest Snapshot v1, https://goo.gl/fbAQLP

exports[`InputCheckbox should match snapshot 1`] = `
<InputCheckbox
  id="testId"
  label="Tick this checkbox to confirm that you agree with the following statements"
  onChange={[MockFunction]}
>
  <styled.div>
    <div
      className="sc-gzVnrw kDUAmj"
    >
      <styled.input
        checked=""
        hasError={false}
        id="testId"
        innerRef={[Function]}
        onChange={[Function]}
        theme={
          Object {
            "color": Object {
              "borderColor": "#333",
              "disableColor": "#acacac",
              "errorColor": "#9f173f",
            },
          }
        }
        type="checkbox"
      >
        <input
          checked=""
          className="sc-ifAKCX bdoYJf"
          id="testId"
          onChange={[Function]}
          type="checkbox"
        />
      </styled.input>
      <styled.label
        hasError={false}
        htmlFor="testId"
        theme={
          Object {
            "color": Object {
              "color": "#333",
              "errorColor": "#9f173f",
            },
          }
        }
      >
        <label
          className="sc-bwzfXH lcbjGL"
          htmlFor="testId"
        >
          Tick this checkbox to confirm that you agree with the following statements
        </label>
      </styled.label>
      <styled.div
        theme={
          Object {
            "color": Object {
              "errorColor": "red",
            },
          }
        }
      >
        <div
          className="sc-iwsKbI ZBWjd"
        />
      </styled.div>
    </div>
  </styled.div>
</InputCheckbox>
`;
