// Jest Snapshot v1, https://goo.gl/fbAQLP

exports[`AddressAutoComplete should match snapshot 1`] = `
<AddressAutoComplete
  endpoint="http://test.com.au"
  id="address-id"
  label="Label"
>
  <AutoComplete
    dataProvider={
      AddressDataProvider {
        "endpoint": "http://test.com.au",
        "headers": Object {
          "Accept": "application/json",
        },
        "limit": 10,
      }
    }
    id="address-id"
    label="Label"
    minSearchLength={6}
    onBlur={[Function]}
    onChange={[Function]}
  >
    <styled.div
      onBlur={[Function]}
      role="application"
    >
      <div
        className="sc-chPdSV joCMgf"
        onBlur={[Function]}
        role="application"
      >
        <InputText
          aria-activedescendant=""
          aria-autocomplete="list"
          aria-describedby="address-id-autocomplete-error"
          aria-expanded={false}
          aria-invalid={false}
          aria-owns="address-id-suggestions"
          id="address-id-autocomplete"
          label="Label"
          onChange={[Function]}
          onKeyDown={[Function]}
          role="combobox"
          setInputRef={[Function]}
          showError={false}
          value=""
        >
          <styled.div>
            <div
              className="sc-gZMcBi gxaaKf"
            >
              <styled.label
                hasError={false}
                htmlFor="address-id-autocomplete"
                theme={
                  Object {
                    "color": Object {
                      "error": "#c71c22",
                      "font": "#868e96",
                    },
                  }
                }
              >
                <label
                  className="sc-bdVaJa MbNax"
                  htmlFor="address-id-autocomplete"
                >
                  Label
                </label>
              </styled.label>
              <styled.input
                hasError={false}
                id="address-id-autocomplete"
                innerRef={[Function]}
                onBlur={[Function]}
                onChange={[Function]}
                onKeyDown={[Function]}
                placeholder=""
                theme={
                  Object {
                    "color": Object {
                      "background": "#ffffff",
                      "border": "#178acc",
                      "default": "#2fa4e7",
                      "disabled": "#acacac",
                      "error": "#c71c22",
                      "focus": "#54b4eb",
                      "font": "#868e96",
                      "hover": "#178acc",
                    },
                  }
                }
                type="text"
                value=""
              >
                <input
                  className="sc-bxivhb cZTkCI"
                  id="address-id-autocomplete"
                  onBlur={[Function]}
                  onChange={[Function]}
                  onKeyDown={[Function]}
                  placeholder=""
                  type="text"
                  value=""
                />
              </styled.input>
            </div>
          </styled.div>
        </InputText>
        <styled.div
          aria-live="polite"
        >
          <div
            aria-live="polite"
            className="sc-fjdhpX gVkdZp"
          />
        </styled.div>
        <styled.div
          hasError={false}
          theme={
            Object {
              "color": Object {
                "error": "#c71c22",
              },
            }
          }
        >
          <div
            className="sc-kAzzGY ksDlxh"
          />
        </styled.div>
      </div>
    </styled.div>
  </AutoComplete>
</AddressAutoComplete>
`;
