// Jest Snapshot v1, https://goo.gl/fbAQLP

exports[`InputCheckboxGroup should match snapshot 1`] = `
<InputCheckbox
  id="testId"
  name="testName"
  onChange={[MockFunction]}
  options={
    Array [
      Object {
        "label": "One",
        "value": "1",
      },
      Object {
        "label": "Two",
        "value": "2",
      },
      Object {
        "label": "Three",
        "value": "3",
      },
    ]
  }
  values={
    Array [
      "2",
      "3",
    ]
  }
>
  <styled.div>
    <div
      className="sc-htoDjs gQgvQJ"
    >
      <styled.fieldset
        alignment="horizontal"
        aria-describedby="testId-error"
      >
        <fieldset
          aria-describedby="testId-error"
          className="sc-dnqmqq dcDEKm"
        >
          <styled.div
            alignment="horizontal"
            key="0"
          >
            <div
              className="sc-jzJRlG jNxNtV"
            >
              <styled.input
                aria-invalid={false}
                checked={false}
                hasError={false}
                id="testId-0"
                innerRef={[Function]}
                name="testName"
                onChange={[Function]}
                theme={
                  Object {
                    "color": Object {
                      "background": "#ffffff",
                      "border": "#2fa4e7",
                      "checked": "#2fa4e7",
                      "default": "#2fa4e7",
                      "disabled": "#acacac",
                      "error": "#c71c22",
                      "focus": "#54b4eb",
                      "hover": "#178acc",
                    },
                    "font": Object {
                      "size": "1.8rem",
                    },
                  }
                }
                type="checkbox"
                value="1"
              >
                <input
                  aria-invalid={false}
                  checked={false}
                  className="sc-fjdhpX dKHXyf"
                  id="testId-0"
                  name="testName"
                  onChange={[Function]}
                  type="checkbox"
                  value="1"
                />
              </styled.input>
              <styled.label
                hasError={false}
                htmlFor="testId-0"
                theme={
                  Object {
                    "color": Object {
                      "border": "#2fa4e7",
                      "error": "#c71c22",
                      "font": "#333333",
                    },
                    "font": Object {
                      "size": "1.8rem",
                    },
                  }
                }
              >
                <label
                  className="sc-bwzfXH dXCFSf"
                  htmlFor="testId-0"
                >
                  One
                </label>
              </styled.label>
            </div>
          </styled.div>
          <styled.div
            alignment="horizontal"
            key="1"
          >
            <div
              className="sc-jzJRlG jNxNtV"
            >
              <styled.input
                aria-invalid={false}
                checked={true}
                hasError={false}
                id="testId-1"
                innerRef={[Function]}
                name="testName"
                onChange={[Function]}
                theme={
                  Object {
                    "color": Object {
                      "background": "#ffffff",
                      "border": "#2fa4e7",
                      "checked": "#2fa4e7",
                      "default": "#2fa4e7",
                      "disabled": "#acacac",
                      "error": "#c71c22",
                      "focus": "#54b4eb",
                      "hover": "#178acc",
                    },
                    "font": Object {
                      "size": "1.8rem",
                    },
                  }
                }
                type="checkbox"
                value="2"
              >
                <input
                  aria-invalid={false}
                  checked={true}
                  className="sc-fjdhpX dKHXyf"
                  id="testId-1"
                  name="testName"
                  onChange={[Function]}
                  type="checkbox"
                  value="2"
                />
              </styled.input>
              <styled.label
                hasError={false}
                htmlFor="testId-1"
                theme={
                  Object {
                    "color": Object {
                      "border": "#2fa4e7",
                      "error": "#c71c22",
                      "font": "#333333",
                    },
                    "font": Object {
                      "size": "1.8rem",
                    },
                  }
                }
              >
                <label
                  className="sc-bwzfXH dXCFSf"
                  htmlFor="testId-1"
                >
                  Two
                </label>
              </styled.label>
            </div>
          </styled.div>
          <styled.div
            alignment="horizontal"
            key="2"
          >
            <div
              className="sc-jzJRlG jNxNtV"
            >
              <styled.input
                aria-invalid={false}
                checked={true}
                hasError={false}
                id="testId-2"
                innerRef={[Function]}
                name="testName"
                onChange={[Function]}
                theme={
                  Object {
                    "color": Object {
                      "background": "#ffffff",
                      "border": "#2fa4e7",
                      "checked": "#2fa4e7",
                      "default": "#2fa4e7",
                      "disabled": "#acacac",
                      "error": "#c71c22",
                      "focus": "#54b4eb",
                      "hover": "#178acc",
                    },
                    "font": Object {
                      "size": "1.8rem",
                    },
                  }
                }
                type="checkbox"
                value="3"
              >
                <input
                  aria-invalid={false}
                  checked={true}
                  className="sc-fjdhpX dKHXyf"
                  id="testId-2"
                  name="testName"
                  onChange={[Function]}
                  type="checkbox"
                  value="3"
                />
              </styled.input>
              <styled.label
                hasError={false}
                htmlFor="testId-2"
                theme={
                  Object {
                    "color": Object {
                      "border": "#2fa4e7",
                      "error": "#c71c22",
                      "font": "#333333",
                    },
                    "font": Object {
                      "size": "1.8rem",
                    },
                  }
                }
              >
                <label
                  className="sc-bwzfXH dXCFSf"
                  htmlFor="testId-2"
                >
                  Three
                </label>
              </styled.label>
            </div>
          </styled.div>
        </fieldset>
      </styled.fieldset>
      <styled.div
        hasError={false}
        id="testId-error"
        theme={
          Object {
            "color": Object {
              "error": "#c71c22",
            },
            "font": Object {
              "size": "1.8rem",
            },
          }
        }
      >
        <div
          className="sc-VigVT gUinmJ"
          id="testId-error"
        />
      </styled.div>
    </div>
  </styled.div>
</InputCheckbox>
`;
