// Jest Snapshot v1, https://goo.gl/fbAQLP

exports[`InputCheckboxGroup should match snapshot 1`] = `
<InputCheckbox
  id="testId"
  name="testName"
  onChange={[MockFunction]}
  options={
    Array [
      Object {
        "label": "One",
        "value": "1",
      },
      Object {
        "label": "Two",
        "value": "2",
      },
      Object {
        "label": "Three",
        "value": "3",
      },
    ]
  }
  values={
    Array [
      "2",
      "3",
    ]
  }
>
  <styled.div>
    <div
      className="sc-iwsKbI hqgBrh"
    >
      <styled.div
        alignment={0}
      >
        <div
          className="sc-gZMcBi ireZdZ"
        >
          <styled.div
            alignment={0}
            key="0"
          >
            <div
              className="sc-VigVT bezPYI"
            >
              <styled.input
                checked={false}
                hasError={false}
                id="testId-0"
                innerRef={[Function]}
                name="testName"
                onChange={[Function]}
                theme={
                  Object {
                    "color": Object {
                      "borderColor": "#333",
                      "color": "#333",
                      "disabledColor": "#acacac",
                      "errorColor": "#9f173f",
                    },
                  }
                }
                type="checkbox"
                value="1"
              >
                <input
                  checked={false}
                  className="sc-ifAKCX hgWYGF"
                  id="testId-0"
                  name="testName"
                  onChange={[Function]}
                  type="checkbox"
                  value="1"
                />
              </styled.input>
              <styled.label
                hasError={false}
                htmlFor="testId-0"
                theme={
                  Object {
                    "color": Object {
                      "color": "#333",
                      "errorColor": "#9f173f",
                    },
                  }
                }
              >
                <label
                  className="sc-bwzfXH lcbjGL"
                  htmlFor="testId-0"
                >
                  One
                </label>
              </styled.label>
            </div>
          </styled.div>
          <styled.div
            alignment={0}
            key="1"
          >
            <div
              className="sc-VigVT bezPYI"
            >
              <styled.input
                checked={true}
                hasError={false}
                id="testId-1"
                innerRef={[Function]}
                name="testName"
                onChange={[Function]}
                theme={
                  Object {
                    "color": Object {
                      "borderColor": "#333",
                      "color": "#333",
                      "disabledColor": "#acacac",
                      "errorColor": "#9f173f",
                    },
                  }
                }
                type="checkbox"
                value="2"
              >
                <input
                  checked={true}
                  className="sc-ifAKCX hgWYGF"
                  id="testId-1"
                  name="testName"
                  onChange={[Function]}
                  type="checkbox"
                  value="2"
                />
              </styled.input>
              <styled.label
                hasError={false}
                htmlFor="testId-1"
                theme={
                  Object {
                    "color": Object {
                      "color": "#333",
                      "errorColor": "#9f173f",
                    },
                  }
                }
              >
                <label
                  className="sc-bwzfXH lcbjGL"
                  htmlFor="testId-1"
                >
                  Two
                </label>
              </styled.label>
            </div>
          </styled.div>
          <styled.div
            alignment={0}
            key="2"
          >
            <div
              className="sc-VigVT bezPYI"
            >
              <styled.input
                checked={true}
                hasError={false}
                id="testId-2"
                innerRef={[Function]}
                name="testName"
                onChange={[Function]}
                theme={
                  Object {
                    "color": Object {
                      "borderColor": "#333",
                      "color": "#333",
                      "disabledColor": "#acacac",
                      "errorColor": "#9f173f",
                    },
                  }
                }
                type="checkbox"
                value="3"
              >
                <input
                  checked={true}
                  className="sc-ifAKCX hgWYGF"
                  id="testId-2"
                  name="testName"
                  onChange={[Function]}
                  type="checkbox"
                  value="3"
                />
              </styled.input>
              <styled.label
                hasError={false}
                htmlFor="testId-2"
                theme={
                  Object {
                    "color": Object {
                      "color": "#333",
                      "errorColor": "#9f173f",
                    },
                  }
                }
              >
                <label
                  className="sc-bwzfXH lcbjGL"
                  htmlFor="testId-2"
                >
                  Three
                </label>
              </styled.label>
            </div>
          </styled.div>
        </div>
      </styled.div>
      <styled.div
        hasError={false}
        theme={
          Object {
            "color": Object {
              "errorColor": "#9f173f",
            },
          }
        }
      >
        <div
          className="sc-jzJRlG jhccRS"
        />
      </styled.div>
    </div>
  </styled.div>
</InputCheckbox>
`;
