// Jest Snapshot v1, https://goo.gl/fbAQLP

exports[`InputRadio should match snapshot 1`] = `
<InputRadio
  id="testId"
  label="Select this radio to confirm that you agree with the following statements"
  onChange={[MockFunction]}
>
  <styled.div>
    <div
      className="sc-gzVnrw kDUAmj"
    >
      <styled.input
        checked=""
        hasError={false}
        id="testId"
        innerRef={[Function]}
        onChange={[Function]}
        theme={
          Object {
            "color": Object {
              "borderColor": "#333",
              "errorColor": "#9f173f",
            },
          }
        }
        type="radio"
      >
        <input
          checked=""
          className="sc-EHOje fyRfII"
          id="testId"
          onChange={[Function]}
          type="radio"
        />
      </styled.input>
      <styled.label
        hasError={false}
        htmlFor="testId"
        theme={
          Object {
            "color": Object {
              "color": "#333",
              "errorColor": "#9f173f",
            },
          }
        }
      >
        <label
          className="sc-htpNat nmRTs"
          htmlFor="testId"
        >
          Select this radio to confirm that you agree with the following statements
        </label>
      </styled.label>
      <styled.div
        theme={
          Object {
            "color": Object {
              "errorColor": "red",
            },
          }
        }
      >
        <div
          className="sc-dnqmqq gpxgKf"
        />
      </styled.div>
    </div>
  </styled.div>
</InputRadio>
`;
