// Jest Snapshot v1, https://goo.gl/fbAQLP

exports[`Link snapshot 1`] = `
<styled.a
  href="http://somewhere"
  onClick={[MockFunction]}
  target="_blank"
  theme={
    Object {
      "color": Object {
        "default": "#2fa4e7",
        "disabled": "#acacac",
        "error": "#c71c22",
        "focus": "#54b4eb",
        "hover": "#178acc",
      },
      "font": Object {
        "size": "1.8rem",
      },
    }
  }
>
  title
  <styled.span>
    <styled.span>
      Link opens in new window
    </styled.span>
  </styled.span>
</styled.a>
`;
