// Jest Snapshot v1, https://goo.gl/fbAQLP

exports[`Link snapshot 1`] = `
<styled.a
  href="http://somewhere"
  onClick={[MockFunction]}
  target="_blank"
  theme={
    Object {
      "color": Object {
        "color": "#333333",
      },
    }
  }
>
  title
  <styled.span>
    <styled.span>
      Link opens in new window
    </styled.span>
  </styled.span>
</styled.a>
`;
