// Jest Snapshot v1, https://goo.gl/fbAQLP

exports[`InputText should match snapshot 1`] = `
<InputText
  id="1234567890"
  label="The label"
>
  <styled.div>
    <div
      className="sc-gZMcBi gxaaKf"
    >
      <styled.label
        hasError={false}
        htmlFor="1234567890"
        theme={
          Object {
            "color": Object {
              "error": "#c71c22",
              "font": "#868e96",
            },
          }
        }
      >
        <label
          className="sc-bdVaJa MbNax"
          htmlFor="1234567890"
        >
          The label
        </label>
      </styled.label>
      <styled.input
        hasError={false}
        id="1234567890"
        innerRef={[Function]}
        onBlur={[Function]}
        onChange={[Function]}
        onKeyDown={[Function]}
        placeholder=""
        theme={
          Object {
            "color": Object {
              "background": "#ffffff",
              "border": "#178acc",
              "default": "#2fa4e7",
              "disabled": "#acacac",
              "error": "#c71c22",
              "focus": "#54b4eb",
              "font": "#868e96",
              "hover": "#178acc",
            },
          }
        }
        type="text"
        value=""
      >
        <input
          className="sc-bxivhb cZTkCI"
          id="1234567890"
          onBlur={[Function]}
          onChange={[Function]}
          onKeyDown={[Function]}
          placeholder=""
          type="text"
          value=""
        />
      </styled.input>
      <styled.div
        hasError={false}
        theme={
          Object {
            "color": Object {
              "error": "#c71c22",
            },
          }
        }
      >
        <div
          className="sc-kAzzGY ksDlxh"
        />
      </styled.div>
    </div>
  </styled.div>
</InputText>
`;
