// Jest Snapshot v1, https://goo.gl/fbAQLP

exports[`SelectField props should match snapshot 1`] = `
<Select
  id="some-id"
  label="Some error message."
  options={
    Array [
      Object {
        "display": "Test Display",
        "value": "Test Value",
      },
    ]
  }
  placeholder="Please select"
>
  <styled.div>
    <div
      className="sc-htoDjs gQgvQJ"
    >
      <styled.label
        hasError={false}
        htmlFor="some-id"
        theme={
          Object {
            "color": Object {
              "error": "#c71c22",
              "font": "#333333",
            },
            "font": Object {
              "size": "1.8rem",
            },
          }
        }
      >
        <label
          className="sc-bdVaJa fuJIyO"
          htmlFor="some-id"
        >
          Some error message.
        </label>
      </styled.label>
      <styled.select
        hasError={false}
        id="some-id"
        innerRef={[Function]}
        onBlur={[Function]}
        onChange={[Function]}
        theme={
          Object {
            "color": Object {
              "background": "#ffffff",
              "border": "#2fa4e7",
              "default": "#2fa4e7",
              "disabled": "#acacac",
              "error": "#c71c22",
              "focus": "#54b4eb",
              "font": "#333333",
              "hover": "#178acc",
            },
            "font": Object {
              "size": "1.8rem",
            },
          }
        }
        value=""
      >
        <select
          className="sc-bZQynM ejaqGf"
          id="some-id"
          onBlur={[Function]}
          onChange={[Function]}
          value=""
        >
          <option
            value=""
          >
            Please select
          </option>
          <option
            key="0"
            value="Test Value"
          >
            Test Display
          </option>
        </select>
      </styled.select>
      <styled.div
        hasError={false}
        theme={
          Object {
            "color": Object {
              "error": "#c71c22",
            },
            "font": Object {
              "size": "1.8rem",
            },
          }
        }
      >
        <div
          className="sc-VigVT gUinmJ"
        />
      </styled.div>
    </div>
  </styled.div>
</Select>
`;
